26.10.2025 - 22:28:30 - [TAB v5.3.2] Blocked attempt to add player Fzfu into team Rosa (expected team: 5FzfuA).
26.10.2025 - 22:28:30 - [TAB v5.3.2] Blocked attempt to add player gatix into team Blanco (expected team: 6gatixA).
26.10.2025 - 23:07:41 - [TAB v5.3.2] Blocked attempt to add player Fzfu into team Rosa (expected team: 5FzfuA).
26.10.2025 - 23:07:53 - [TAB v5.3.2] Blocked attempt to add player Fzfu into team Blanco (expected team: 5FzfuA).
26.10.2025 - 23:08:12 - [TAB v5.3.2] Blocked attempt to add player gatix into team Rosa (expected team: 6gatixA).
26.10.2025 - 23:08:12 - [TAB v5.3.2] Blocked attempt to add player Fzfu into team Blanco (expected team: 5FzfuA).
26.10.2025 - 23:08:12 - [TAB v5.3.2] Blocked attempt to add player gatix into team Rosa (expected team: 6gatixA).
26.10.2025 - 23:30:15 - [TAB v5.3.2] Blocked attempt to add player Fzfu into team Rosa (expected team: 5FzfuA).
26.10.2025 - 23:30:39 - [TAB v5.3.2] Blocked attempt to add player gatix into team Blanco (expected team: 6gatixA).
26.10.2025 - 23:30:39 - [TAB v5.3.2] Blocked attempt to add player Fzfu into team Rosa (expected team: 5FzfuA).
26.10.2025 - 23:30:39 - [TAB v5.3.2] Blocked attempt to add player gatix into team Blanco (expected team: 6gatixA).
26.10.2025 - 23:30:39 - [TAB v5.3.2] Blocked attempt to add player Fzfu into team Rosa (expected team: 5FzfuA).
26.10.2025 - 23:30:39 - [TAB v5.3.2] Blocked attempt to add player gatix into team Blanco (expected team: 6gatixA).
26.10.2025 - 23:30:39 - [TAB v5.3.2] Blocked attempt to add player Fzfu into team Rosa (expected team: 5FzfuA).
26.10.2025 - 23:33:51 - [TAB v5.3.2] Blocked attempt to add player gatix into team Rosa (expected team: 6gatixA).
26.10.2025 - 23:34:23 - [TAB v5.3.2] Blocked attempt to add player Fzfu into team Blanco (expected team: 5FzfuA).
26.10.2025 - 23:34:23 - [TAB v5.3.2] Blocked attempt to add player gatix into team Rosa (expected team: 6gatixA).
26.10.2025 - 23:34:23 - [TAB v5.3.2] Blocked attempt to add player Fzfu into team Blanco (expected team: 5FzfuA).
26.10.2025 - 23:34:23 - [TAB v5.3.2] Blocked attempt to add player gatix into team Rosa (expected team: 6gatixA).
27.10.2025 - 01:19:39 - [TAB v5.3.2] Blocked attempt to add player Fzfu into team 1Fzfu (expected team: 5FzfuA).
27.10.2025 - 01:19:39 - [TAB v5.3.2] Blocked attempt to add player gatix into team 2gatix (expected team: 0gatixA).
27.10.2025 - 01:19:39 - [TAB v5.3.2] Blocked attempt to add player Fzfu into team 1Fzfu (expected team: 5FzfuA).
27.10.2025 - 01:19:39 - [TAB v5.3.2] Blocked attempt to add player gatix into team 2gatix (expected team: 0gatixA).
27.10.2025 - 02:36:30 - [TAB v5.3.2] Blocked attempt to add player Fzfu into team 1Fzfu (expected team: 5FzfuA).
27.10.2025 - 02:36:30 - [TAB v5.3.2] Blocked attempt to add player gatix into team 2gatix (expected team: 0gatixA).
27.10.2025 - 02:36:30 - [TAB v5.3.2] Blocked attempt to add player Fzfu into team 1Fzfu (expected team: 5FzfuA).
27.10.2025 - 02:36:30 - [TAB v5.3.2] Blocked attempt to add player gatix into team 2gatix (expected team: 0gatixA).
27.10.2025 - 02:47:11 - [TAB v5.3.2] Blocked attempt to add player gatix into team 1gatix (expected team: 0gatixA).
27.10.2025 - 02:47:11 - [TAB v5.3.2] Blocked attempt to add player Fzfu into team 2Fzfu (expected team: 5FzfuA).
27.10.2025 - 02:47:11 - [TAB v5.3.2] Blocked attempt to add player gatix into team 1gatix (expected team: 0gatixA).
27.10.2025 - 02:47:11 - [TAB v5.3.2] Blocked attempt to add player Fzfu into team 2Fzfu (expected team: 5FzfuA).
27.10.2025 - 03:03:08 - [TAB v5.3.2] Blocked attempt to add player Fzfu into team 1Fzfu (expected team: 5FzfuA).
27.10.2025 - 03:03:08 - [TAB v5.3.2] Blocked attempt to add player gatix into team 2gatix (expected team: 0gatixA).
27.10.2025 - 03:03:08 - [TAB v5.3.2] Blocked attempt to add player Fzfu into team 1Fzfu (expected team: 5FzfuA).
27.10.2025 - 03:03:08 - [TAB v5.3.2] Blocked attempt to add player gatix into team 2gatix (expected team: 0gatixA).
27.10.2025 - 03:03:57 - [TAB v5.3.2] Blocked attempt to add player Fzfu into team 1Fzfu (expected team: 5FzfuA).
27.10.2025 - 03:11:56 - [TAB v5.3.2] Blocked attempt to add player Fzfu into team 1Fzfu (expected team: 5FzfuA).
27.10.2025 - 03:11:56 - [TAB v5.3.2] Blocked attempt to add player gatix into team 2gatix (expected team: 0gatixA).
27.10.2025 - 03:11:56 - [TAB v5.3.2] Blocked attempt to add player Fzfu into team 1Fzfu (expected team: 5FzfuA).
27.10.2025 - 03:11:56 - [TAB v5.3.2] Blocked attempt to add player gatix into team 2gatix (expected team: 0gatixA).
27.10.2025 - 03:11:58 - [TAB v5.3.2] Blocked attempt to add player Fzfu into team 1Fzfu (expected team: 5FzfuA).
27.10.2025 - 03:32:02 - [TAB v5.3.2] Blocked attempt to add player Fzfu into team 1Fzfu (expected team: 5FzfuA).
27.10.2025 - 03:32:02 - [TAB v5.3.2] Blocked attempt to add player gatix into team 2gatix (expected team: 0gatixA).
27.10.2025 - 03:32:02 - [TAB v5.3.2] Blocked attempt to add player Fzfu into team 1Fzfu (expected team: 5FzfuA).
27.10.2025 - 03:32:02 - [TAB v5.3.2] Blocked attempt to add player gatix into team 2gatix (expected team: 0gatixA).
27.10.2025 - 03:44:56 - [TAB v5.3.2] Blocked attempt to add player Fzfu into team 1Fzfu (expected team: 5FzfuA).
27.10.2025 - 12:41:59 - [TAB v5.3.2] Blocked attempt to add player Fzfu into team 1Fzfu (expected team: 5FzfuA).
27.10.2025 - 12:51:37 - [TAB v5.3.2] Blocked attempt to add player Fzfu into team 1Fzfu (expected team: 5FzfuA).
27.10.2025 - 12:59:44 - [TAB v5.3.2] Blocked attempt to add player Fzfu into team 1Fzfu (expected team: 5FzfuA).
27.10.2025 - 13:07:02 - [TAB v5.3.2] Blocked attempt to add player Fzfu into team 2Fzfu (expected team: 5FzfuA).
